------------------------------------------------------------
Timing Analyzer Summary
------------------------------------------------------------

Type  : Slow 1100mV 85C Model Setup 'VGA_SYNC:inst10|vert_sync_out'
Slack : -18.953
TNS   : -2157.973

Type  : Slow 1100mV 85C Model Setup 'inst6|pll_inst|altera_pll_i|general[0].gpll~PLL_OUTPUT_COUNTER|divclk'
Slack : -9.654
TNS   : -411.880

Type  : Slow 1100mV 85C Model Setup 'MOUSE:inst1|MOUSE_CLK_FILTER'
Slack : -8.320
TNS   : -298.600

Type  : Slow 1100mV 85C Model Hold 'inst6|pll_inst|altera_pll_i|general[0].gpll~PLL_OUTPUT_COUNTER|divclk'
Slack : -3.246
TNS   : -7.981

Type  : Slow 1100mV 85C Model Hold 'VGA_SYNC:inst10|vert_sync_out'
Slack : 0.537
TNS   : 0.000

Type  : Slow 1100mV 85C Model Hold 'MOUSE:inst1|MOUSE_CLK_FILTER'
Slack : 0.620
TNS   : 0.000

Type  : Slow 1100mV 85C Model Recovery 'MOUSE:inst1|MOUSE_CLK_FILTER'
Slack : -7.266
TNS   : -115.909

Type  : Slow 1100mV 85C Model Removal 'MOUSE:inst1|MOUSE_CLK_FILTER'
Slack : 6.178
TNS   : 0.000

Type  : Slow 1100mV 85C Model Minimum Pulse Width 'VGA_SYNC:inst10|vert_sync_out'
Slack : -0.538
TNS   : -354.000

Type  : Slow 1100mV 85C Model Minimum Pulse Width 'MOUSE:inst1|MOUSE_CLK_FILTER'
Slack : -0.538
TNS   : -30.205

Type  : Slow 1100mV 85C Model Minimum Pulse Width 'inst6|pll_inst|altera_pll_i|general[0].gpll~FRACTIONAL_PLL|vcoph[0]'
Slack : 1.666
TNS   : 0.000

Type  : Slow 1100mV 85C Model Minimum Pulse Width 'CLOCK_50'
Slack : 9.949
TNS   : 0.000

Type  : Slow 1100mV 85C Model Minimum Pulse Width 'inst6|pll_inst|altera_pll_i|general[0].gpll~PLL_OUTPUT_COUNTER|divclk'
Slack : 18.589
TNS   : 0.000

Type  : Slow 1100mV 0C Model Setup 'VGA_SYNC:inst10|vert_sync_out'
Slack : -19.609
TNS   : -2160.098

Type  : Slow 1100mV 0C Model Setup 'inst6|pll_inst|altera_pll_i|general[0].gpll~PLL_OUTPUT_COUNTER|divclk'
Slack : -8.990
TNS   : -376.187

Type  : Slow 1100mV 0C Model Setup 'MOUSE:inst1|MOUSE_CLK_FILTER'
Slack : -8.377
TNS   : -294.622

Type  : Slow 1100mV 0C Model Hold 'inst6|pll_inst|altera_pll_i|general[0].gpll~PLL_OUTPUT_COUNTER|divclk'
Slack : -3.440
TNS   : -11.796

Type  : Slow 1100mV 0C Model Hold 'VGA_SYNC:inst10|vert_sync_out'
Slack : 0.573
TNS   : 0.000

Type  : Slow 1100mV 0C Model Hold 'MOUSE:inst1|MOUSE_CLK_FILTER'
Slack : 0.680
TNS   : 0.000

Type  : Slow 1100mV 0C Model Recovery 'MOUSE:inst1|MOUSE_CLK_FILTER'
Slack : -7.197
TNS   : -115.042

Type  : Slow 1100mV 0C Model Removal 'MOUSE:inst1|MOUSE_CLK_FILTER'
Slack : 6.333
TNS   : 0.000

Type  : Slow 1100mV 0C Model Minimum Pulse Width 'VGA_SYNC:inst10|vert_sync_out'
Slack : -0.538
TNS   : -345.374

Type  : Slow 1100mV 0C Model Minimum Pulse Width 'MOUSE:inst1|MOUSE_CLK_FILTER'
Slack : -0.538
TNS   : -29.356

Type  : Slow 1100mV 0C Model Minimum Pulse Width 'inst6|pll_inst|altera_pll_i|general[0].gpll~FRACTIONAL_PLL|vcoph[0]'
Slack : 1.666
TNS   : 0.000

Type  : Slow 1100mV 0C Model Minimum Pulse Width 'CLOCK_50'
Slack : 9.980
TNS   : 0.000

Type  : Slow 1100mV 0C Model Minimum Pulse Width 'inst6|pll_inst|altera_pll_i|general[0].gpll~PLL_OUTPUT_COUNTER|divclk'
Slack : 18.549
TNS   : 0.000

Type  : Fast 1100mV 85C Model Setup 'VGA_SYNC:inst10|vert_sync_out'
Slack : -8.781
TNS   : -979.828

Type  : Fast 1100mV 85C Model Setup 'inst6|pll_inst|altera_pll_i|general[0].gpll~PLL_OUTPUT_COUNTER|divclk'
Slack : -5.991
TNS   : -260.104

Type  : Fast 1100mV 85C Model Setup 'MOUSE:inst1|MOUSE_CLK_FILTER'
Slack : -3.941
TNS   : -136.873

Type  : Fast 1100mV 85C Model Hold 'inst6|pll_inst|altera_pll_i|general[0].gpll~PLL_OUTPUT_COUNTER|divclk'
Slack : -1.659
TNS   : -6.252

Type  : Fast 1100mV 85C Model Hold 'VGA_SYNC:inst10|vert_sync_out'
Slack : 0.167
TNS   : 0.000

Type  : Fast 1100mV 85C Model Hold 'MOUSE:inst1|MOUSE_CLK_FILTER'
Slack : 0.174
TNS   : 0.000

Type  : Fast 1100mV 85C Model Recovery 'MOUSE:inst1|MOUSE_CLK_FILTER'
Slack : -3.374
TNS   : -53.883

Type  : Fast 1100mV 85C Model Removal 'MOUSE:inst1|MOUSE_CLK_FILTER'
Slack : 3.090
TNS   : 0.000

Type  : Fast 1100mV 85C Model Minimum Pulse Width 'VGA_SYNC:inst10|vert_sync_out'
Slack : -0.155
TNS   : -22.440

Type  : Fast 1100mV 85C Model Minimum Pulse Width 'MOUSE:inst1|MOUSE_CLK_FILTER'
Slack : -0.044
TNS   : -0.044

Type  : Fast 1100mV 85C Model Minimum Pulse Width 'inst6|pll_inst|altera_pll_i|general[0].gpll~FRACTIONAL_PLL|vcoph[0]'
Slack : 1.666
TNS   : 0.000

Type  : Fast 1100mV 85C Model Minimum Pulse Width 'CLOCK_50'
Slack : 9.643
TNS   : 0.000

Type  : Fast 1100mV 85C Model Minimum Pulse Width 'inst6|pll_inst|altera_pll_i|general[0].gpll~PLL_OUTPUT_COUNTER|divclk'
Slack : 18.888
TNS   : 0.000

Type  : Fast 1100mV 0C Model Setup 'VGA_SYNC:inst10|vert_sync_out'
Slack : -8.348
TNS   : -884.601

Type  : Fast 1100mV 0C Model Setup 'inst6|pll_inst|altera_pll_i|general[0].gpll~PLL_OUTPUT_COUNTER|divclk'
Slack : -4.876
TNS   : -203.948

Type  : Fast 1100mV 0C Model Setup 'MOUSE:inst1|MOUSE_CLK_FILTER'
Slack : -3.781
TNS   : -130.926

Type  : Fast 1100mV 0C Model Hold 'inst6|pll_inst|altera_pll_i|general[0].gpll~PLL_OUTPUT_COUNTER|divclk'
Slack : -1.751
TNS   : -9.815

Type  : Fast 1100mV 0C Model Hold 'VGA_SYNC:inst10|vert_sync_out'
Slack : 0.154
TNS   : 0.000

Type  : Fast 1100mV 0C Model Hold 'MOUSE:inst1|MOUSE_CLK_FILTER'
Slack : 0.212
TNS   : 0.000

Type  : Fast 1100mV 0C Model Recovery 'MOUSE:inst1|MOUSE_CLK_FILTER'
Slack : -3.243
TNS   : -51.865

Type  : Fast 1100mV 0C Model Removal 'MOUSE:inst1|MOUSE_CLK_FILTER'
Slack : 3.036
TNS   : 0.000

Type  : Fast 1100mV 0C Model Minimum Pulse Width 'VGA_SYNC:inst10|vert_sync_out'
Slack : -0.079
TNS   : -6.603

Type  : Fast 1100mV 0C Model Minimum Pulse Width 'MOUSE:inst1|MOUSE_CLK_FILTER'
Slack : -0.010
TNS   : -0.010

Type  : Fast 1100mV 0C Model Minimum Pulse Width 'inst6|pll_inst|altera_pll_i|general[0].gpll~FRACTIONAL_PLL|vcoph[0]'
Slack : 1.666
TNS   : 0.000

Type  : Fast 1100mV 0C Model Minimum Pulse Width 'CLOCK_50'
Slack : 9.632
TNS   : 0.000

Type  : Fast 1100mV 0C Model Minimum Pulse Width 'inst6|pll_inst|altera_pll_i|general[0].gpll~PLL_OUTPUT_COUNTER|divclk'
Slack : 18.888
TNS   : 0.000

------------------------------------------------------------
