------------------------------------------------------------
Timing Analyzer Summary
------------------------------------------------------------

Type  : Slow 1100mV 85C Model Setup 'MOUSE:inst1|MOUSE_CLK_FILTER'
Slack : -8.005
TNS   : -705.041

Type  : Slow 1100mV 85C Model Setup 'VGA_SYNC:inst10|vert_sync_out'
Slack : -6.041
TNS   : -903.453

Type  : Slow 1100mV 85C Model Setup 'inst6|pll_inst|altera_pll_i|general[0].gpll~PLL_OUTPUT_COUNTER|divclk'
Slack : -5.346
TNS   : -135.249

Type  : Slow 1100mV 85C Model Hold 'inst6|pll_inst|altera_pll_i|general[0].gpll~PLL_OUTPUT_COUNTER|divclk'
Slack : 0.353
TNS   : 0.000

Type  : Slow 1100mV 85C Model Hold 'MOUSE:inst1|MOUSE_CLK_FILTER'
Slack : 0.433
TNS   : 0.000

Type  : Slow 1100mV 85C Model Hold 'VGA_SYNC:inst10|vert_sync_out'
Slack : 0.447
TNS   : 0.000

Type  : Slow 1100mV 85C Model Recovery 'MOUSE:inst1|MOUSE_CLK_FILTER'
Slack : -6.451
TNS   : -103.132

Type  : Slow 1100mV 85C Model Removal 'MOUSE:inst1|MOUSE_CLK_FILTER'
Slack : 5.301
TNS   : 0.000

Type  : Slow 1100mV 85C Model Minimum Pulse Width 'VGA_SYNC:inst10|vert_sync_out'
Slack : -0.538
TNS   : -269.862

Type  : Slow 1100mV 85C Model Minimum Pulse Width 'MOUSE:inst1|MOUSE_CLK_FILTER'
Slack : -0.538
TNS   : -74.766

Type  : Slow 1100mV 85C Model Minimum Pulse Width 'inst6|pll_inst|altera_pll_i|general[0].gpll~FRACTIONAL_PLL|vcoph[0]'
Slack : 1.666
TNS   : 0.000

Type  : Slow 1100mV 85C Model Minimum Pulse Width 'CLOCK_50'
Slack : 9.949
TNS   : 0.000

Type  : Slow 1100mV 85C Model Minimum Pulse Width 'inst6|pll_inst|altera_pll_i|general[0].gpll~PLL_OUTPUT_COUNTER|divclk'
Slack : 18.590
TNS   : 0.000

Type  : Slow 1100mV 0C Model Setup 'MOUSE:inst1|MOUSE_CLK_FILTER'
Slack : -7.948
TNS   : -692.988

Type  : Slow 1100mV 0C Model Setup 'VGA_SYNC:inst10|vert_sync_out'
Slack : -6.105
TNS   : -915.990

Type  : Slow 1100mV 0C Model Setup 'inst6|pll_inst|altera_pll_i|general[0].gpll~PLL_OUTPUT_COUNTER|divclk'
Slack : -5.044
TNS   : -122.934

Type  : Slow 1100mV 0C Model Hold 'inst6|pll_inst|altera_pll_i|general[0].gpll~PLL_OUTPUT_COUNTER|divclk'
Slack : -0.111
TNS   : -0.141

Type  : Slow 1100mV 0C Model Hold 'VGA_SYNC:inst10|vert_sync_out'
Slack : 0.454
TNS   : 0.000

Type  : Slow 1100mV 0C Model Hold 'MOUSE:inst1|MOUSE_CLK_FILTER'
Slack : 0.482
TNS   : 0.000

Type  : Slow 1100mV 0C Model Recovery 'MOUSE:inst1|MOUSE_CLK_FILTER'
Slack : -6.423
TNS   : -102.686

Type  : Slow 1100mV 0C Model Removal 'MOUSE:inst1|MOUSE_CLK_FILTER'
Slack : 5.472
TNS   : 0.000

Type  : Slow 1100mV 0C Model Minimum Pulse Width 'VGA_SYNC:inst10|vert_sync_out'
Slack : -0.538
TNS   : -266.494

Type  : Slow 1100mV 0C Model Minimum Pulse Width 'MOUSE:inst1|MOUSE_CLK_FILTER'
Slack : -0.538
TNS   : -72.037

Type  : Slow 1100mV 0C Model Minimum Pulse Width 'inst6|pll_inst|altera_pll_i|general[0].gpll~FRACTIONAL_PLL|vcoph[0]'
Slack : 1.666
TNS   : 0.000

Type  : Slow 1100mV 0C Model Minimum Pulse Width 'CLOCK_50'
Slack : 9.980
TNS   : 0.000

Type  : Slow 1100mV 0C Model Minimum Pulse Width 'inst6|pll_inst|altera_pll_i|general[0].gpll~PLL_OUTPUT_COUNTER|divclk'
Slack : 18.558
TNS   : 0.000

Type  : Fast 1100mV 85C Model Setup 'MOUSE:inst1|MOUSE_CLK_FILTER'
Slack : -3.853
TNS   : -341.780

Type  : Fast 1100mV 85C Model Setup 'inst6|pll_inst|altera_pll_i|general[0].gpll~PLL_OUTPUT_COUNTER|divclk'
Slack : -3.730
TNS   : -81.618

Type  : Fast 1100mV 85C Model Setup 'VGA_SYNC:inst10|vert_sync_out'
Slack : -2.858
TNS   : -348.556

Type  : Fast 1100mV 85C Model Hold 'inst6|pll_inst|altera_pll_i|general[0].gpll~PLL_OUTPUT_COUNTER|divclk'
Slack : 0.068
TNS   : 0.000

Type  : Fast 1100mV 85C Model Hold 'VGA_SYNC:inst10|vert_sync_out'
Slack : 0.152
TNS   : 0.000

Type  : Fast 1100mV 85C Model Hold 'MOUSE:inst1|MOUSE_CLK_FILTER'
Slack : 0.187
TNS   : 0.000

Type  : Fast 1100mV 85C Model Recovery 'MOUSE:inst1|MOUSE_CLK_FILTER'
Slack : -3.036
TNS   : -48.548

Type  : Fast 1100mV 85C Model Removal 'MOUSE:inst1|MOUSE_CLK_FILTER'
Slack : 2.778
TNS   : 0.000

Type  : Fast 1100mV 85C Model Minimum Pulse Width 'VGA_SYNC:inst10|vert_sync_out'
Slack : -0.094
TNS   : -7.375

Type  : Fast 1100mV 85C Model Minimum Pulse Width 'MOUSE:inst1|MOUSE_CLK_FILTER'
Slack : 0.012
TNS   : 0.000

Type  : Fast 1100mV 85C Model Minimum Pulse Width 'inst6|pll_inst|altera_pll_i|general[0].gpll~FRACTIONAL_PLL|vcoph[0]'
Slack : 1.666
TNS   : 0.000

Type  : Fast 1100mV 85C Model Minimum Pulse Width 'CLOCK_50'
Slack : 9.643
TNS   : 0.000

Type  : Fast 1100mV 85C Model Minimum Pulse Width 'inst6|pll_inst|altera_pll_i|general[0].gpll~PLL_OUTPUT_COUNTER|divclk'
Slack : 18.887
TNS   : 0.000

Type  : Fast 1100mV 0C Model Setup 'MOUSE:inst1|MOUSE_CLK_FILTER'
Slack : -3.687
TNS   : -329.148

Type  : Fast 1100mV 0C Model Setup 'inst6|pll_inst|altera_pll_i|general[0].gpll~PLL_OUTPUT_COUNTER|divclk'
Slack : -2.854
TNS   : -62.361

Type  : Fast 1100mV 0C Model Setup 'VGA_SYNC:inst10|vert_sync_out'
Slack : -2.510
TNS   : -301.151

Type  : Fast 1100mV 0C Model Hold 'inst6|pll_inst|altera_pll_i|general[0].gpll~PLL_OUTPUT_COUNTER|divclk'
Slack : -0.153
TNS   : -0.635

Type  : Fast 1100mV 0C Model Hold 'VGA_SYNC:inst10|vert_sync_out'
Slack : 0.134
TNS   : 0.000

Type  : Fast 1100mV 0C Model Hold 'MOUSE:inst1|MOUSE_CLK_FILTER'
Slack : 0.202
TNS   : 0.000

Type  : Fast 1100mV 0C Model Recovery 'MOUSE:inst1|MOUSE_CLK_FILTER'
Slack : -2.976
TNS   : -47.586

Type  : Fast 1100mV 0C Model Removal 'MOUSE:inst1|MOUSE_CLK_FILTER'
Slack : 2.804
TNS   : 0.000

Type  : Fast 1100mV 0C Model Minimum Pulse Width 'VGA_SYNC:inst10|vert_sync_out'
Slack : -0.040
TNS   : -1.103

Type  : Fast 1100mV 0C Model Minimum Pulse Width 'MOUSE:inst1|MOUSE_CLK_FILTER'
Slack : 0.024
TNS   : 0.000

Type  : Fast 1100mV 0C Model Minimum Pulse Width 'inst6|pll_inst|altera_pll_i|general[0].gpll~FRACTIONAL_PLL|vcoph[0]'
Slack : 1.666
TNS   : 0.000

Type  : Fast 1100mV 0C Model Minimum Pulse Width 'CLOCK_50'
Slack : 9.632
TNS   : 0.000

Type  : Fast 1100mV 0C Model Minimum Pulse Width 'inst6|pll_inst|altera_pll_i|general[0].gpll~PLL_OUTPUT_COUNTER|divclk'
Slack : 18.889
TNS   : 0.000

------------------------------------------------------------
